  adaptive code r1   38.39 tok/s  acc/fwd 2.86  arms[ar=24.1 dflash_best=37.3@k2 suffix_best=30.7@k1 p_df=0.92/0.97/0.37 p_sfx=0.45/0.34/0.22]
  adaptive code r2   26.67 tok/s  acc/fwd 2.00  arms[ar=24.1 dflash_best=35.2@k2 suffix_best=30.7@k1 p_df=0.84/0.97/0.37 p_sfx=0.45/0.34/0.22]
  adaptive prose r1   31.19 tok/s  acc/fwd 1.12  arms[ar=33.3 dflash_best=23.8@k1 suffix_best=32.9@k1 p_df=0.40/0.40/0.37 p_sfx=0.56/0.34/0.22]
  adaptive prose r2   33.63 tok/s  acc/fwd 1.00  arms[ar=33.1 dflash_best=23.8@k1 suffix_best=32.9@k1 p_df=0.40/0.40/0.37 p_sfx=0.56/0.34/0.22]
  nospec code r1   33.66 tok/s  acc/fwd 1.00  arms[ar=0.0 dflash_best=0.0@k1 suffix_best=0.0@k1 p_df=0.00/0.00/0.00 p_sfx=0.00/0.00/0.00]
  nospec code r2   33.80 tok/s  acc/fwd 1.00  arms[ar=0.0 dflash_best=0.0@k1 suffix_best=0.0@k1 p_df=0.00/0.00/0.00 p_sfx=0.00/0.00/0.00]
  nospec prose r1   33.85 tok/s  acc/fwd 1.00  arms[ar=0.0 dflash_best=0.0@k1 suffix_best=0.0@k1 p_df=0.00/0.00/0.00 p_sfx=0.00/0.00/0.00]
  nospec prose r2   33.88 tok/s  acc/fwd 1.00  arms[ar=0.0 dflash_best=0.0@k1 suffix_best=0.0@k1 p_df=0.00/0.00/0.00 p_sfx=0.00/0.00/0.00]
  k1 code r1   36.29 tok/s  acc/fwd 3.57  arms[ar=20.1 dflash_best=40.9@k3 suffix_best=26.7@k1 p_df=0.96/0.92/1.00 p_sfx=0.22/0.78/0.00]
  k1 code r2   22.56 tok/s  acc/fwd 2.00  arms[ar=20.1 dflash_best=28.1@k3 suffix_best=26.0@k1 p_df=0.61/0.74/0.98 p_sfx=0.22/0.78/0.00]
  k1 prose r1   29.04 tok/s  acc/fwd 1.93  arms[ar=20.1 dflash_best=30.3@k2 suffix_best=25.8@k1 p_df=0.73/0.70/0.72 p_sfx=0.22/0.78/0.00]
  k1 prose r2   35.99 tok/s  acc/fwd 2.23  arms[ar=20.1 dflash_best=25.3@k1 suffix_best=47.1@k2 p_df=0.49/0.51/0.74 p_sfx=1.00/1.00/0.00]
  k2 code r1   36.37 tok/s  acc/fwd 3.57  arms[ar=21.1 dflash_best=40.9@k3 suffix_best=27.0@k1 p_df=0.96/0.92/1.00 p_sfx=0.22/0.78/0.00]
  k2 code r2   40.99 tok/s  acc/fwd 3.70  arms[ar=21.1 dflash_best=40.8@k3 suffix_best=27.0@k1 p_df=1.00/0.92/0.90 p_sfx=0.22/0.78/0.00]
  k2 prose r1   28.33 tok/s  acc/fwd 1.72  arms[ar=21.1 dflash_best=30.4@k1 suffix_best=25.7@k1 p_df=0.79/0.51/0.85 p_sfx=0.22/0.78/0.00]
  k2 prose r2   33.05 tok/s  acc/fwd 2.42  arms[ar=21.1 dflash_best=38.9@k2 suffix_best=24.1@k1 p_df=1.00/0.92/0.48 p_sfx=0.12/0.78/0.00]
  k3 code r1   36.38 tok/s  acc/fwd 3.57  arms[ar=21.0 dflash_best=41.0@k3 suffix_best=27.0@k1 p_df=0.96/0.92/1.00 p_sfx=0.22/0.78/0.00]
  k3 code r2   30.19 tok/s  acc/fwd 2.07  arms[ar=21.0 dflash_best=26.3@k1 suffix_best=25.2@k1 p_df=0.56/0.47/0.62 p_sfx=0.20/0.78/0.00]
  k3 prose r1   36.53 tok/s  acc/fwd 2.25  arms[ar=21.0 dflash_best=23.8@k1 suffix_best=44.7@k2 p_df=0.40/0.54/0.94 p_sfx=0.92/1.00/0.00]
  k3 prose r2   29.03 tok/s  acc/fwd 1.71  arms[ar=21.0 dflash_best=30.0@k1 suffix_best=27.9@k1 p_df=0.81/0.48/0.95 p_sfx=0.34/0.68/0.00]
  k5 code r1   36.31 tok/s  acc/fwd 3.57  arms[ar=21.0 dflash_best=40.9@k3 suffix_best=26.8@k1 p_df=0.96/0.92/1.00 p_sfx=0.22/0.78/0.00]
  k5 code r2   40.08 tok/s  acc/fwd 3.60  arms[ar=21.0 dflash_best=38.8@k3 suffix_best=25.6@k1 p_df=0.91/0.92/0.93 p_sfx=0.22/0.78/0.00]
  k5 prose r1   28.02 tok/s  acc/fwd 1.71  arms[ar=21.0 dflash_best=30.8@k1 suffix_best=25.6@k1 p_df=0.82/0.52/0.76 p_sfx=0.22/0.78/0.00]
  k5 prose r2   28.02 tok/s  acc/fwd 1.73  arms[ar=21.0 dflash_best=28.1@k1 suffix_best=25.3@k1 p_df=0.66/0.53/0.58 p_sfx=0.20/0.78/0.00]
  k8 code r1   36.46 tok/s  acc/fwd 3.57  arms[ar=20.9 dflash_best=41.1@k3 suffix_best=27.0@k1 p_df=0.96/0.92/1.00 p_sfx=0.22/0.78/0.00]
  k8 code r2   36.51 tok/s  acc/fwd 2.50  arms[ar=20.9 dflash_best=42.8@k3 suffix_best=31.5@k1 p_df=0.99/0.99/0.99 p_sfx=0.50/0.69/0.00]
  k8 prose r1   27.47 tok/s  acc/fwd 1.71  arms[ar=20.9 dflash_best=25.9@k1 suffix_best=30.7@k1 p_df=0.57/0.57/0.78 p_sfx=0.49/0.69/0.00]
  k8 prose r2   26.92 tok/s  acc/fwd 1.65  arms[ar=20.9 dflash_best=26.6@k1 suffix_best=27.9@k1 p_df=0.58/0.50/0.59 p_sfx=0.34/0.69/0.00]
